s-tableau-ha02 has no matching hostname within your Falcon tenant.
ak-workstation has no matching hostname within your Falcon tenant.
piolap-eon-db has no matching hostname within your Falcon tenant.
piolap-eon-db has no matching hostname within your Falcon tenant.
Hostname: P-QUALCETLSQL02
AID: 2d4a7f3d1f7e4bc49be17539dc7095f0
OS Version: Windows Server 2016
External IP: 52.70.116.213
First seen: 2021-06-13T00:36:28Z
Last seen: 2022-09-02T14:30:30Z
piolap-eon-db has no matching hostname within your Falcon tenant.
amirniy-linux-dev has no matching hostname within your Falcon tenant.
p-tab-ha2-1 has no matching hostname within your Falcon tenant.
piolap-eon-db has no matching hostname within your Falcon tenant.
10.103.30.23 has no matching hostname within your Falcon tenant.
dz-aws0dc01 has no matching hostname within your Falcon tenant.
ss-vpalo02 has no matching hostname within your Falcon tenant.
piolap-eon-db has no matching hostname within your Falcon tenant.
piolap-eon-db has no matching hostname within your Falcon tenant.
10.103.30.163 has no matching hostname within your Falcon tenant.
prod-hra-env has no matching hostname within your Falcon tenant.
piolap-eon-db has no matching hostname within your Falcon tenant.
piolap-eon-db has no matching hostname within your Falcon tenant.
PD Load Testing has no matching hostname within your Falcon tenant.
di-mapper has no matching hostname within your Falcon tenant.
mirthconnect-goldenimage has no matching hostname within your Falcon tenant.
t-octopus-agent-amzn2 has no matching hostname within your Falcon tenant.
p-tableau-ha02 has no matching hostname within your Falcon tenant.
p-builddocker01 has no matching hostname within your Falcon tenant.
ECS Instance - EC2ContainerService-poc-userapi02 has no matching hostname within your Falcon tenant.
d-ansible02 has no matching hostname within your Falcon tenant.
Hostname: T-DISTSQL01
AID: 4c13ac1bcc1e4258a890273b9f3428b5
OS Version: Windows Server 2019
External IP: 52.70.116.213
First seen: 2021-10-15T20:28:14Z
Last seen: 2022-09-02T14:50:00Z
p-vsrx02 has no matching hostname within your Falcon tenant.
Test - sftp1 has no matching hostname within your Falcon tenant.
piolap-eon-db has no matching hostname within your Falcon tenant.
piolap-eon-db has no matching hostname within your Falcon tenant.
Build instance for Web_Windows2019_biapi has no matching hostname within your Falcon tenant.
deploy-agent has no matching hostname within your Falcon tenant.
10.96.60.120 has no matching hostname within your Falcon tenant.
mirthconnect-node has no matching hostname within your Falcon tenant.
stage-hra-env has no matching hostname within your Falcon tenant.
p-tableau-ha03 has no matching hostname within your Falcon tenant.
DC2 has no matching hostname within your Falcon tenant.
mcusob-dc02 has no matching hostname within your Falcon tenant.
d-Vertica-MC Vertica Management Console has no matching hostname within your Falcon tenant.
s-rtpbiapi04 has no matching hostname within your Falcon tenant.
piolap-eon-db has no matching hostname within your Falcon tenant.
Palo Alto Do Not Delete VPN POC Firewall has no matching hostname within your Falcon tenant.
s-tableau-ha01 has no matching hostname within your Falcon tenant.
mirthconnect-node has no matching hostname within your Falcon tenant.
WINSQL03 has no matching hostname within your Falcon tenant.
reputation-dev - d-repapp01 has no matching hostname within your Falcon tenant.
mirthconnect-goldenimage has no matching hostname within your Falcon tenant.
piolap-eon-db has no matching hostname within your Falcon tenant.
Hostname: S-DIHL702
AID: 6aae2007f7e9457c943869344b7058e6
OS Version: Windows Server 2012 R2
External IP: 52.70.116.213
First seen: 2021-05-24T19:22:08Z
Last seen: 2022-09-02T14:47:17Z
External-Nessus has no matching hostname within your Falcon tenant.
